Archive member included because of file (symbol)

/usr/lib/gcc/avr/4.8.2/avrxmega7/libgcc.a(_divmodhi4.o)
                              obj/Debug/lcd_driver.o (__divmodhi4)
/usr/lib/gcc/avr/4.8.2/avrxmega7/libgcc.a(_exit.o)
                              /usr/lib/gcc/avr/4.8.2/../../../avr/lib/avrxmega7/crtx128a1.o (exit)
/usr/lib/gcc/avr/4.8.2/avrxmega7/libgcc.a(_tablejump.o)
                              obj/Debug/at24c_app.o (__tablejump2__)
/usr/lib/gcc/avr/4.8.2/avrxmega7/libgcc.a(_copy_data.o)
                              obj/Debug/can_app.o (__do_copy_data)
/usr/lib/gcc/avr/4.8.2/avrxmega7/libgcc.a(_clear_bss.o)
                              obj/Debug/adc_func.o (__do_clear_bss)
/usr/lib/gcc/avr/4.8.2/avrxmega7/libgcc.a(_udivmodhi4.o)
                              /usr/lib/gcc/avr/4.8.2/avrxmega7/libgcc.a(_divmodhi4.o) (__udivmodhi4)

↵
Speichereinrichtung
↵

Name             Ursprung           Länge             Eigenschaften
text             0x0000000000000000 0x0000000000100000 xr
data             0x0000000000802000 0x000000000000ffa0 rw !x
eeprom           0x0000000000810000 0x0000000000010000 rw !x
fuse             0x0000000000820000 0x0000000000000400 rw !x
lock             0x0000000000830000 0x0000000000000400 rw !x
signature        0x0000000000840000 0x0000000000000400 rw !x
user_signatures  0x0000000000850000 0x0000000000000400 rw !x
*default*        0x0000000000000000 0xffffffffffffffff

Linker script and memory map

LOAD /usr/lib/gcc/avr/4.8.2/../../../avr/lib/avrxmega7/crtx128a1.o
LOAD obj/Debug/ad8555_driver.o
LOAD obj/Debug/adc_func.o
LOAD obj/Debug/at24c_app.o
LOAD obj/Debug/at24c_driver.o
LOAD obj/Debug/basic_func.o
LOAD obj/Debug/can_app.o
LOAD obj/Debug/error_func.o
LOAD obj/Debug/eval_app.o
LOAD obj/Debug/lcd_app.o
LOAD obj/Debug/lcd_driver.o
LOAD obj/Debug/lcd_sym.o
LOAD obj/Debug/main.o
LOAD obj/Debug/mcp2515_driver.o
LOAD obj/Debug/mcp7941_driver.o
LOAD obj/Debug/mcp9800_driver.o
LOAD obj/Debug/memory_app.o
LOAD obj/Debug/memory_func.o
LOAD obj/Debug/modem_driver.o
LOAD obj/Debug/mpx_driver.o
LOAD obj/Debug/output_app.o
LOAD obj/Debug/port_func.o
LOAD obj/Debug/sonic_app.o
LOAD obj/Debug/spi_func.o
LOAD obj/Debug/tc_func.o
LOAD obj/Debug/touch_app.o
LOAD obj/Debug/touch_driver.o
LOAD obj/Debug/twi_func.o
LOAD obj/Debug/usart_func.o
LOAD /usr/lib/gcc/avr/4.8.2/avrxmega7/libgcc.a
LOAD /usr/lib/gcc/avr/4.8.2/../../../avr/lib/avrxmega7/libm.a
START GROUP
LOAD /usr/lib/gcc/avr/4.8.2/avrxmega7/libgcc.a
LOAD /usr/lib/gcc/avr/4.8.2/../../../avr/lib/avrxmega7/libm.a
LOAD /usr/lib/gcc/avr/4.8.2/../../../avr/lib/avrxmega7/libc.a
END GROUP

.hash
 *(.hash)

.dynsym
 *(.dynsym)

.dynstr
 *(.dynstr)

.gnu.version
 *(.gnu.version)

.gnu.version_d
 *(.gnu.version_d)

.gnu.version_r
 *(.gnu.version_r)

.rel.init
 *(.rel.init)

.rela.init
 *(.rela.init)

.rel.text
 *(.rel.text)
 *(.rel.text.*)
 *(.rel.gnu.linkonce.t*)

.rela.text
 *(.rela.text)
 *(.rela.text.*)
 *(.rela.gnu.linkonce.t*)

.rel.fini
 *(.rel.fini)

.rela.fini
 *(.rela.fini)

.rel.rodata
 *(.rel.rodata)
 *(.rel.rodata.*)
 *(.rel.gnu.linkonce.r*)

.rela.rodata
 *(.rela.rodata)
 *(.rela.rodata.*)
 *(.rela.gnu.linkonce.r*)

.rel.data
 *(.rel.data)
 *(.rel.data.*)
 *(.rel.gnu.linkonce.d*)

.rela.data
 *(.rela.data)
 *(.rela.data.*)
 *(.rela.gnu.linkonce.d*)

.rel.ctors
 *(.rel.ctors)

.rela.ctors
 *(.rela.ctors)

.rel.dtors
 *(.rel.dtors)

.rela.dtors
 *(.rela.dtors)

.rel.got
 *(.rel.got)

.rela.got
 *(.rela.got)

.rel.bss
 *(.rel.bss)

.rela.bss
 *(.rela.bss)

.rel.plt
 *(.rel.plt)

.rela.plt
 *(.rela.plt)

.text           0x0000000000000000    0x16ba8
 *(.vectors)
 .vectors       0x0000000000000000      0x1f4 /usr/lib/gcc/avr/4.8.2/../../../avr/lib/avrxmega7/crtx128a1.o
                0x0000000000000000                __vectors
                0x0000000000000000                __vector_default
 *(.vectors)
 *(.progmem.gcc*)
 .progmem.gcc_sw_table
                0x00000000000001f4       0x80 obj/Debug/at24c_app.o
 .progmem.gcc_sw_table
                0x0000000000000274       0x26 obj/Debug/can_app.o
 .progmem.gcc_sw_table
                0x000000000000029a       0x50 obj/Debug/error_func.o
 .progmem.gcc_sw_table
                0x00000000000002ea      0x176 obj/Debug/lcd_app.o
 .progmem.gcc_sw_table
                0x0000000000000460       0x28 obj/Debug/lcd_driver.o
 .progmem.gcc_sw_table
                0x0000000000000488       0xf8 obj/Debug/lcd_sym.o
 .progmem.gcc_sw_table
                0x0000000000000580       0x62 obj/Debug/main.o
 .progmem.gcc_sw_table
                0x00000000000005e2      0x100 obj/Debug/memory_app.o
 .progmem.gcc_sw_table
                0x00000000000006e2       0x58 obj/Debug/port_func.o
 .progmem.gcc_sw_table
                0x000000000000073a      0xacc obj/Debug/touch_app.o
 *(.progmem*)
                0x0000000000001206                . = ALIGN (0x2)
                0x0000000000001206                __trampolines_start = .
 *(.trampolines)
 .trampolines   0x0000000000001206      0xbbc linker stubs
 *(.trampolines*)
                0x0000000000001dc2                __trampolines_end = .
 *(.jumptables)
 *(.jumptables*)
 *(.lowtext)
 *(.lowtext*)
                0x0000000000001dc2                __ctors_start = .
 *(.ctors)
                0x0000000000001dc2                __ctors_end = .
                0x0000000000001dc2                __dtors_start = .
 *(.dtors)
                0x0000000000001dc2                __dtors_end = .
 SORT(*)(.ctors)
 SORT(*)(.dtors)
 *(.init0)
 .init0         0x0000000000001dc2        0x0 /usr/lib/gcc/avr/4.8.2/../../../avr/lib/avrxmega7/crtx128a1.o
                0x0000000000001dc2                __init
 *(.init0)
 *(.init1)
 *(.init1)
 *(.init2)
 .init2         0x0000000000001dc2       0x18 /usr/lib/gcc/avr/4.8.2/../../../avr/lib/avrxmega7/crtx128a1.o
 *(.init2)
 *(.init3)
 *(.init3)
 *(.init4)
 .init4         0x0000000000001dda       0x1c /usr/lib/gcc/avr/4.8.2/avrxmega7/libgcc.a(_copy_data.o)
                0x0000000000001dda                __do_copy_data
 .init4         0x0000000000001df6       0x10 /usr/lib/gcc/avr/4.8.2/avrxmega7/libgcc.a(_clear_bss.o)
                0x0000000000001df6                __do_clear_bss
 *(.init4)
 *(.init5)
 *(.init5)
 *(.init6)
 *(.init6)
 *(.init7)
 *(.init7)
 *(.init8)
 *(.init8)
 *(.init9)
 .init9         0x0000000000001e06        0x8 /usr/lib/gcc/avr/4.8.2/../../../avr/lib/avrxmega7/crtx128a1.o
 *(.init9)
 *(.text)
 .text          0x0000000000001e0e        0x4 /usr/lib/gcc/avr/4.8.2/../../../avr/lib/avrxmega7/crtx128a1.o
                0x0000000000001e0e                __vector_38
                0x0000000000001e0e                __vector_104
                0x0000000000001e0e                __vector_22
                0x0000000000001e0e                __vector_63
                0x0000000000001e0e                __vector_28
                0x0000000000001e0e                __vector_67
                0x0000000000001e0e                __vector_1
                0x0000000000001e0e                __vector_119
                0x0000000000001e0e                __vector_32
                0x0000000000001e0e                __vector_75
                0x0000000000001e0e                __vector_71
                0x0000000000001e0e                __vector_91
                0x0000000000001e0e                __vector_34
                0x0000000000001e0e                __vector_62
                0x0000000000001e0e                __vector_77
                0x0000000000001e0e                __vector_102
                0x0000000000001e0e                __vector_24
                0x0000000000001e0e                __vector_12
                0x0000000000001e0e                __vector_55
                0x0000000000001e0e                __vector_69
                0x0000000000001e0e                __vector_81
                0x0000000000001e0e                __vector_90
                0x0000000000001e0e                __vector_46
                0x0000000000001e0e                __bad_interrupt
                0x0000000000001e0e                __vector_72
                0x0000000000001e0e                __vector_114
                0x0000000000001e0e                __vector_6
                0x0000000000001e0e                __vector_110
                0x0000000000001e0e                __vector_31
                0x0000000000001e0e                __vector_92
                0x0000000000001e0e                __vector_35
                0x0000000000001e0e                __vector_78
                0x0000000000001e0e                __vector_74
                0x0000000000001e0e                __vector_117
                0x0000000000001e0e                __vector_39
                0x0000000000001e0e                __vector_107
                0x0000000000001e0e                __vector_3
                0x0000000000001e0e                __vector_105
                0x0000000000001e0e                __vector_98
                0x0000000000001e0e                __vector_23
                0x0000000000001e0e                __vector_68
                0x0000000000001e0e                __vector_30
                0x0000000000001e0e                __vector_73
                0x0000000000001e0e                __vector_45
                0x0000000000001e0e                __vector_25
                0x0000000000001e0e                __vector_93
                0x0000000000001e0e                __vector_61
                0x0000000000001e0e                __vector_11
                0x0000000000001e0e                __vector_54
                0x0000000000001e0e                __vector_99
                0x0000000000001e0e                __vector_13
                0x0000000000001e0e                __vector_17
                0x0000000000001e0e                __vector_19
                0x0000000000001e0e                __vector_56
                0x0000000000001e0e                __vector_7
                0x0000000000001e0e                __vector_49
                0x0000000000001e0e                __vector_123
                0x0000000000001e0e                __vector_41
                0x0000000000001e0e                __vector_86
                0x0000000000001e0e                __vector_100
                0x0000000000001e0e                __vector_101
                0x0000000000001e0e                __vector_64
                0x0000000000001e0e                __vector_88
                0x0000000000001e0e                __vector_109
                0x0000000000001e0e                __vector_43
                0x0000000000001e0e                __vector_27
                0x0000000000001e0e                __vector_5
                0x0000000000001e0e                __vector_113
                0x0000000000001e0e                __vector_33
                0x0000000000001e0e                __vector_76
                0x0000000000001e0e                __vector_115
                0x0000000000001e0e                __vector_47
                0x0000000000001e0e                __vector_52
                0x0000000000001e0e                __vector_37
                0x0000000000001e0e                __vector_95
                0x0000000000001e0e                __vector_103
                0x0000000000001e0e                __vector_96
                0x0000000000001e0e                __vector_89
                0x0000000000001e0e                __vector_108
                0x0000000000001e0e                __vector_4
                0x0000000000001e0e                __vector_44
                0x0000000000001e0e                __vector_82
                0x0000000000001e0e                __vector_106
                0x0000000000001e0e                __vector_118
                0x0000000000001e0e                __vector_51
                0x0000000000001e0e                __vector_9
                0x0000000000001e0e                __vector_2
                0x0000000000001e0e                __vector_21
                0x0000000000001e0e                __vector_15
                0x0000000000001e0e                __vector_66
                0x0000000000001e0e                __vector_36
                0x0000000000001e0e                __vector_79
                0x0000000000001e0e                __vector_58
                0x0000000000001e0e                __vector_70
                0x0000000000001e0e                __vector_83
                0x0000000000001e0e                __vector_29
                0x0000000000001e0e                __vector_60
                0x0000000000001e0e                __vector_121
                0x0000000000001e0e                __vector_40
                0x0000000000001e0e                __vector_85
                0x0000000000001e0e                __vector_94
                0x0000000000001e0e                __vector_8
                0x0000000000001e0e                __vector_26
                0x0000000000001e0e                __vector_48
                0x0000000000001e0e                __vector_124
                0x0000000000001e0e                __vector_116
                0x0000000000001e0e                __vector_112
                0x0000000000001e0e                __vector_111
                0x0000000000001e0e                __vector_80
                0x0000000000001e0e                __vector_14
                0x0000000000001e0e                __vector_84
                0x0000000000001e0e                __vector_57
                0x0000000000001e0e                __vector_53
                0x0000000000001e0e                __vector_10
                0x0000000000001e0e                __vector_50
                0x0000000000001e0e                __vector_16
                0x0000000000001e0e                __vector_59
                0x0000000000001e0e                __vector_18
                0x0000000000001e0e                __vector_97
                0x0000000000001e0e                __vector_20
                0x0000000000001e0e                __vector_42
                0x0000000000001e0e                __vector_87
                0x0000000000001e0e                __vector_65
                0x0000000000001e0e                __vector_120
 .text          0x0000000000001e12      0x2aa obj/Debug/ad8555_driver.o
                0x0000000000001e12                AD8555_Write_Bit
                0x0000000000001e78                AD8555_Write_FC_SimFirstGain
                0x0000000000001ec8                AD8555_Write_FC_SimSecondGain
                0x0000000000001f18                AD8555_Write_Data_SimFirstGain
                0x0000000000001f68                AD8555_Write_Data_SimSecondGain
                0x0000000000001fb8                AD8555_Write_StartPacket
                0x0000000000002018                AD8555_Write_EndPacket
                0x000000000000206a                AD8555_Init
                0x0000000000002080                AD8555_SetSim_FirstGain
                0x000000000000209e                AD8555_SetSim_SecondGain
 .text          0x00000000000020bc      0x21c obj/Debug/adc_func.o
                0x00000000000020bc                ADC_Init
                0x0000000000002162                ReadCalibrationByte
                0x00000000000021aa                ADC_Touch_Ch
                0x00000000000021e0                ADC_MPX_Ch
                0x0000000000002202                ADC_USV_Ch
                0x0000000000002224                ADC_USV_Check
 .text          0x00000000000022d8      0x34c obj/Debug/at24c_app.o
                0x00000000000022d8                AT24C_WriteVar
                0x000000000000249e                AT24C_ReadVar
 .text          0x0000000000002624      0x1d6 obj/Debug/at24c_driver.o
                0x0000000000002624                AT24C_Init
                0x000000000000265c                AT24C_WriteByte
                0x00000000000026a0                AT24C_WritePage
                0x0000000000002744                AT24C_ReadByte
                0x00000000000027a4                AT24C_Read8Byte
 .text          0x00000000000027fa      0x126 obj/Debug/basic_func.o
                0x00000000000027fa                Basic_Init
                0x0000000000002880                Basic_Init_Mem
                0x00000000000028a2                Clock_Init
                0x00000000000028ee                Watchdog_Init
                0x0000000000002910                Watchdog_Restart
 .text          0x0000000000002920      0xb44 obj/Debug/can_app.o
                0x0000000000002920                CAN_Init
                0x000000000000293e                CAN_RxB0_Init
                0x000000000000297c                CAN_RxB0_Read
                0x0000000000002a3e                CAN_TxB0_Write
                0x0000000000002afc                CAN_TxCmd
                0x0000000000002b2e                CAN_TxUSSREG
                0x0000000000002b62                CAN_RxACK
                0x0000000000002c46                CAN_LiveCheck
                0x0000000000002c94                CAN_SonicDistance
                0x0000000000002e62                CAN_SonicTemp
                0x0000000000003024                CAN_SonicVersion
                0x00000000000030de                CAN_SonicReadProgram
                0x00000000000032ba                CAN_SonicWriteProgram
 .text          0x0000000000003464      0xa10 obj/Debug/error_func.o
                0x0000000000003464                Error_ON
                0x0000000000003488                Error_OFF
                0x00000000000034ac                Error_Read
                0x00000000000035ea                Error_Detection
                0x0000000000003758                Error_Treatment
                0x00000000000038b8                Error_Action_OP_SetDown
                0x0000000000003946                Error_Action_OP_Air
                0x0000000000003bb2                Error_Action_UP_Air
                0x0000000000003c50                Error_Action_Temp_SetError
                0x0000000000003c92                Error_Action_OP_SetError
                0x0000000000003ce0                Error_Action_UP_SetError
                0x0000000000003d2e                Error_Action_IT_SetError
                0x0000000000003d7c                Error_Action_OT_SetError
                0x0000000000003dca                Error_Symbol
 .text          0x0000000000003e74      0xae4 obj/Debug/eval_app.o
                0x0000000000003e74                Eval_Oxygen
                0x0000000000003f28                Eval_PinWrite
                0x0000000000003f68                Eval_PinDel
                0x0000000000003f82                Eval_PinClr
                0x0000000000003fca                Eval_Comp_OpHours
                0x000000000000401a                Eval_CountDown
                0x0000000000004126                Eval_SetupPlus
                0x0000000000004162                Eval_SetupMinus
                0x000000000000419e                Eval_SetupCircSensorMark
                0x0000000000004210                Eval_SetupCircTextMark
                0x00000000000042fa                Eval_SetupAirTextMark
                0x00000000000043f0                Eval_SetupPumpMark
                0x000000000000446a                Eval_SetupWatchMark
                0x000000000000453e                Eval_Memory_NoEntry
                0x0000000000004616                Eval_Memory_OldestEntry
                0x00000000000047bc                Eval_Memory_LatestEntry
 .text          0x0000000000004958     0x2cc2 obj/Debug/lcd_app.o
                0x0000000000004958                LCD_AutoPage
                0x0000000000004cb6                LCD_AutoPage_Zone
                0x0000000000004d68                LCD_AutoPage_SetDown
                0x0000000000004df2                LCD_AutoPage_PumpOff
                0x0000000000004e80                LCD_AutoPage_Mud
                0x0000000000004f4e                LCD_AutoPage_Circ
                0x0000000000005044                LCD_AutoPage_Air
                0x0000000000005102                LCD_Auto_InflowPump
                0x0000000000005450                LCD_Auto_Phosphor
                0x000000000000563a                LCD_AutoSet
                0x00000000000058b8                LCD_AutoSet_Symbol
                0x0000000000005972                LCD_ManualPage
                0x0000000000005aca                LCD_ManualCD
                0x0000000000005b16                LCD_ManualPage_Main
                0x0000000000005ba6                LCD_ManualPage_Circ
                0x0000000000005c82                LCD_ManualPage_Air
                0x0000000000005d5e                LCD_ManualPage_SetDown
                0x0000000000005dee                LCD_ManualPage_PumpOff
                0x0000000000005f4c                LCD_ManualPage_Mud
                0x0000000000005fe0                LCD_ManualPage_Compressor
                0x0000000000006074                LCD_ManualPage_Phosphor
                0x0000000000006108                LCD_ManualPage_InflowPump
                0x000000000000619c                LCD_ManualSet
                0x0000000000006358                LCD_SetupPage
                0x000000000000651a                LCD_SetupPage_Main
                0x0000000000006578                LCD_SetupPage_Circulate
                0x00000000000065d6                LCD_SetupPage_Air
                0x0000000000006634                LCD_SetupPage_SetDown
                0x0000000000006692                LCD_SetupPage_PumpOff
                0x00000000000066f0                LCD_SetupPage_Mud
                0x000000000000674e                LCD_SetupPage_Compressor
                0x00000000000067ac                LCD_SetupPage_Phosphor
                0x000000000000680a                LCD_SetupPage_InflowPump
                0x0000000000006868                LCD_SetupPage_Cal
                0x00000000000069a2                LCD_SetupPage_Alarm
                0x0000000000006a04                LCD_SetupPage_Watch
                0x0000000000006a62                LCD_SetupPage_Zone
                0x0000000000006ac0                LCD_SetupSet
                0x0000000000006b72                LCD_DataPage
                0x0000000000006c76                LCD_DataPage_Main
                0x0000000000006cd4                LCD_DataPage_Auto
                0x0000000000006d32                LCD_DataPage_Manual
                0x0000000000006d90                LCD_DataPage_Setup
                0x0000000000006dee                LCD_DataPage_Sonic
                0x0000000000006eae                LCD_DataSet
                0x0000000000006f3c                LCD_PinPage
                0x0000000000006ff8                LCD_Entry_Clr
                0x0000000000007012                LCD_WriteAutoEntryPage
                0x000000000000719e                LCD_WriteManualEntryPage
                0x0000000000007268                LCD_WriteSetupEntryPage
                0x0000000000007332                LCD_wPage
                0x0000000000007486                LCD_eep_minus
                0x00000000000074c6                LCD_Calibration
 .text          0x000000000000761a     0x2c3a obj/Debug/lcd_driver.o
                0x000000000000761a                LCD_Init
                0x000000000000765a                LCD_Backlight
                0x00000000000077a4                LCD_SendCmd
                0x00000000000077f8                LCD_SendData
                0x0000000000007822                LCD_SetPageAddress
                0x000000000000785c                LCD_SetColumnAdress
                0x00000000000078b6                LCD_WP_Enable
                0x00000000000078dc                LCD_WP_Disable
                0x0000000000007902                LCD_WP_Page
                0x000000000000793e                LCD_WP_Column
                0x000000000000797a                LCD_AllPixelsOn
                0x00000000000079a0                LCD_AllPixelsOnOff
                0x00000000000079c6                LCD_Rst
                0x00000000000079ec                LCD_HardwareRst
                0x0000000000007a0e                LCD_Clean
                0x0000000000007a8a                LCD_Fill
                0x0000000000007b2c                LCD_Inverse
                0x0000000000007b52                LCD_NotInverse
                0x0000000000007b78                LCD_FillSpace
                0x0000000000007c52                LCD_ClrSpace
                0x0000000000007d26                LCD_WriteFont
                0x0000000000007ee0                LCD_WriteFontNeg
                0x000000000000809a                LCD_WriteFontNum
                0x0000000000008304                LCD_WriteMyFont
                0x00000000000084c8                LCD_WriteMyFontNeg
                0x000000000000868c                LCD_WriteStringFont
                0x0000000000008700                LCD_WriteStringFontNeg
                0x0000000000008774                LCD_WriteStringMyFont
                0x00000000000087e4                LCD_WriteStringMyFontNeg
                0x0000000000008854                LCD_WriteValue2
                0x0000000000008924                LCD_WriteValueNeg2
                0x00000000000089f4                LCD_WriteValue3
                0x0000000000008b00                LCD_WriteValueNeg3
                0x0000000000008c0c                LCD_WriteValue2_MyFont
                0x0000000000008cdc                LCD_WriteValue3_MyFont
                0x0000000000008de8                LCD_WriteValue4_MyFont
                0x0000000000008f38                LCD_WriteValue5_MyFont
                0x00000000000090d4                LCD_WriteValue4
                0x0000000000009224                LCD_WriteValueNeg4
                0x0000000000009374                LCD_Write_Symbol_1
                0x000000000000952e                LCD_Write_Symbol_2
                0x00000000000096e8                LCD_Write_Symbol_3
                0x00000000000098a2                LCD_Write_Pin
                0x0000000000009a76                LCD_Write_TextButton
                0x0000000000009e50                LCD_Write_Purator
                0x0000000000009fd0                LCD_Write_HECS
                0x000000000000a150                LCD_DeathMan
                0x000000000000a196                LCD_WP_SetFrame
                0x000000000000a1e8                LCD_ConvertWP
 .text          0x000000000000a254     0x2a8e obj/Debug/lcd_sym.o
                0x000000000000a254                LCD_AutoSet_Page
                0x000000000000a286                LCD_AutoCountDown
                0x000000000000a2c0                LCD_AutoText
                0x000000000000a37a                LCD_Auto_SonicVal
                0x000000000000a4c8                LCD_AutoSet_Zone
                0x000000000000a50e                LCD_AutoSet_SetDown
                0x000000000000a548                LCD_AutoSet_PumpOff
                0x000000000000a59c                LCD_AutoSet_Mud
                0x000000000000a5e2                LCD_SymbolAuto_IP
                0x000000000000a6ee                LCD_WriteAutoVar_IP
                0x000000000000a77a                LCD_WriteAuto_IP_Sensor
                0x000000000000a7aa                LCD_WriteAutoVar
                0x000000000000a82e                LCD_WriteAutoVar_Comp
                0x000000000000a904                LCD_Write_AirVar
                0x000000000000acbc                LCD_AutoRead_StartTime
                0x000000000000ad54                LCD_AutoAirSym
                0x000000000000ae2c                LCD_ManualText
                0x000000000000ae8a                LCD_WriteManualVar
                0x000000000000af00                LCD_ManualSet_Page
                0x000000000000af7a                LCD_SetupSet_Page
                0x000000000000afbe                LCD_SetupSet_Circulate
                0x000000000000affc                LCD_SetupSet_Air
                0x000000000000b02e                LCD_SetupSet_SetDown
                0x000000000000b06c                LCD_SetupSet_PumpOff
                0x000000000000b09e                LCD_SetupSet_Mud
                0x000000000000b0d0                LCD_SetupSet_Compressor
                0x000000000000b11a                LCD_SetupSet_Phosphor
                0x000000000000b14c                LCD_SetupSet_InflowPump
                0x000000000000b17e                LCD_Setup_IPValues
                0x000000000000b286                LCD_Setup_IPText
                0x000000000000b362                LCD_SetupSet_Cal
                0x000000000000b45a                LCD_SetupSet_Alarm
                0x000000000000b4cc                LCD_SetupSet_Watch
                0x000000000000b56a                LCD_SetupSet_Zone
                0x000000000000b59c                LCD_SetupSymbols
                0x000000000000b730                LCD_DateTime
                0x000000000000b82a                LCD_DataSet_Page
                0x000000000000b8d6                LCD_DataSet_Auto
                0x000000000000b924                LCD_DataSet_Manual
                0x000000000000b968                LCD_DataSet_Setup
                0x000000000000b9ac                LCD_DataSet_Sonic
                0x000000000000ba28                LCD_WriteDataHeader_Auto
                0x000000000000ba96                LCD_WriteDataHeader_Manual
                0x000000000000baec                LCD_WriteDataHeader_Setup
                0x000000000000bb2a                LCD_WriteDataArrows
                0x000000000000bb5c                LCD_Data_SonicWrite
                0x000000000000bdda                LCD_WriteAutoEntry
                0x000000000000bfe2                LCD_WriteManualEntry
                0x000000000000c12c                LCD_WriteSetupEntry
                0x000000000000c242                LCD_Sym_MPX
                0x000000000000c320                LCD_pPinButtons
                0x000000000000c422                LCD_nPinButtons
                0x000000000000c524                LCD_PinSet_Page
                0x000000000000c556                LCD_Pin_Write
                0x000000000000c7da                LCD_TextButton
                0x000000000000c8ba                LCD_ControlButtons
                0x000000000000c96c                LCD_ControlButtons2
                0x000000000000ca1e                LCD_Pin_WriteOK
                0x000000000000ca6e                LCD_WriteCtrlButton
                0x000000000000ca9e                LCD_WriteCtrlButton2
                0x000000000000cace                LCD_OnValue
                0x000000000000cafe                LCD_OffValue
                0x000000000000cb2e                LCD_OnValueNeg
                0x000000000000cb5e                LCD_OffValueNeg
                0x000000000000cb8e                LCD_MarkTextButton
                0x000000000000cbd0                LCD_Mark_ManualSymbol
                0x000000000000cc28                LCD_Sym_NoUS
 .text          0x000000000000cce2      0x30e obj/Debug/main.o
                0x000000000000cce2                main
 .text          0x000000000000cff0      0x254 obj/Debug/mcp2515_driver.o
                0x000000000000cff0                MCP2515_Init
                0x000000000000d04a                MCP2515_SWReset
                0x000000000000d072                MCP2515_HWReset
                0x000000000000d0a4                MCP2515_WriteReg
                0x000000000000d0e4                MCP2515_ReadReg
                0x000000000000d126                MCP2515_BitModify
                0x000000000000d168                MCP2515_ReadRxB
                0x000000000000d1a4                MCP2515_LoadTxBuffer
                0x000000000000d1de                MCP2515_StartTransmission
                0x000000000000d1f4                MCP2515_WriteComand
                0x000000000000d222                MCP2515_Test
 .text          0x000000000000d244      0x44e obj/Debug/mcp7941_driver.o
                0x000000000000d244                MCP7941_Init
                0x000000000000d262                MCP7941_InitDefault
                0x000000000000d2b0                MCP7941_Write
                0x000000000000d2da                MCP7941_Read
                0x000000000000d31c                MCP7941_WriteByte
                0x000000000000d34a                MCP7941_ReadByte
                0x000000000000d38e                MCP7941_Write_Comp_OpHours
                0x000000000000d3cc                MCP7941_Read_Comp_OpHours
                0x000000000000d41a                MCP7941_ReadTime
                0x000000000000d54c                MCP7941_LCD_WriteTime
                0x000000000000d628                MCP7941_LCD_WriteDate
 .text          0x000000000000d692      0x16e obj/Debug/mcp9800_driver.o
                0x000000000000d692                MCP9800_Init
                0x000000000000d6ba                MCP9800_OneShot
                0x000000000000d6e4                MCP9800_ReceiveByte
                0x000000000000d734                MCP9800_SendByte
                0x000000000000d766                MCP9800_PlusTemp
                0x000000000000d792                MCP9800_WriteTemp
 .text          0x000000000000d800      0xf1e obj/Debug/memory_app.o
                0x000000000000d800                MEM_EEPROM_WriteVarDefault
                0x000000000000d99e                MEM_EEPROM_WriteVarDefault_Short
                0x000000000000db3c                MEM_EEPROM_ReadVar
                0x000000000000dd3a                MEM_EEPROM_WriteVar
                0x000000000000df90                MEM_EEPROM_ReadData
                0x000000000000e084                MEM_EEPROM_WriteAutoEntry
                0x000000000000e1f2                MEM_EEPROM_WriteManualEntry
                0x000000000000e352                MEM_EEPROM_WriteSetupEntry
                0x000000000000e45e                MEM_EEPROM_SetZero
                0x000000000000e4ea                MEM_EEPROM_LoadData
 .text          0x000000000000e71e      0x2b0 obj/Debug/memory_func.o
                0x000000000000e71e                MEM_EEPROM_ExecuteCMD
                0x000000000000e74e                MEM_EEPROM_LoadPageBuffer
                0x000000000000e786                MEM_EEPROM_ErasePageBuffer
                0x000000000000e7a2                MEM_EEPROM_PageErase
                0x000000000000e7f2                MEM_EEPROM_PageWrite
                0x000000000000e842                MEM_EEPROM_PageEraseWrite
                0x000000000000e892                MEM_EEPROM_Erase
                0x000000000000e8ae                MEM_EEPROM_Read
                0x000000000000e924                MEM_EEPROM_WriteByte
                0x000000000000e966                MEM_EEPROM_EntPageErase
                0x000000000000e99e                MEM_EEPROM_EntErase
 .text          0x000000000000e9ce      0x636 obj/Debug/modem_driver.o
                0x000000000000e9ce                Modem_Init
                0x000000000000ea0c                Modem_TurnOn
                0x000000000000eade                Modem_TurnOff
                0x000000000000eb30                Modem_ReadPWR
                0x000000000000eb6c                Modem_ReadSLED
                0x000000000000eba8                Modem_ReadCTS
                0x000000000000ebe4                Modem_ReadRxD
                0x000000000000ec20                Modem_TelNr
                0x000000000000edc4                Modem_Call
                0x000000000000eec0                Modem_CallAllNumbers
                0x000000000000eefa                Modem_SendTest
                0x000000000000ef44                Modem_Test
 .text          0x000000000000f004      0x80e obj/Debug/mpx_driver.o
                0x000000000000f004                MPX_Read
                0x000000000000f07a                MPX_ReadCal
                0x000000000000f106                MPX_ReadAverage
                0x000000000000f244                MPX_ReadAverage_Value
                0x000000000000f2aa                MPX_ReadAverage_UnCal
                0x000000000000f35c                MPX_ReadAverage_UnCal_Value
                0x000000000000f3ae                MPX_LevelCal
                0x000000000000f488                MPX_ReadTank
                0x000000000000f7cc                MPX_Test
 .text          0x000000000000f812      0x440 obj/Debug/output_app.o
                0x000000000000f812                OUT_SetDown
                0x000000000000f83e                OUT_Set_PumpOff
                0x000000000000f874                OUT_Clr_PumpOff
                0x000000000000f8a8                OUT_Set_PumpOff_ww
                0x000000000000f8ea                OUT_Clr_PumpOff_ww
                0x000000000000f92a                OUT_Set_Mud
                0x000000000000f94c                OUT_Clr_Mud
                0x000000000000f96e                OUT_Set_Mud_ww
                0x000000000000f992                OUT_Clr_Mud_ww
                0x000000000000f9b6                OUT_Set_Air
                0x000000000000f9d8                OUT_Clr_Air
                0x000000000000f9fa                OUT_Set_Air_ww
                0x000000000000fa1e                OUT_Clr_Air_ww
                0x000000000000fa42                OUT_Set_Compressor
                0x000000000000fa56                OUT_Clr_Compressor
                0x000000000000fa70                OUT_Set_Phosphor
                0x000000000000fa84                OUT_Clr_Phosphor
                0x000000000000fa98                OUT_Set_InflowPump
                0x000000000000fb0e                OUT_Clr_InflowPump
                0x000000000000fb52                OUT_Clr_IPAir
                0x000000000000fb80                OUT_Set_Alarm
                0x000000000000fb94                OUT_Clr_Alarm
                0x000000000000fba8                OUT_CloseOff
                0x000000000000fbbe                OUT_TestVentil
                0x000000000000fc40                OUT_TestVentil2
 .text          0x000000000000fc52      0x5aa obj/Debug/port_func.o
                0x000000000000fc52                PORT_Init
                0x000000000000fca6                PORT_SoftwareRst
                0x000000000000fcc8                PORT_Bootloader
                0x000000000000fcfe                PORT_Buzzer
                0x000000000000fdd2                PORT_Ventilator
                0x000000000000fe36                PORT_Ventil
                0x000000000000ff86                PORT_Ventil_AllOpen
                0x0000000000010032                PORT_Ventil_AllClose
                0x00000000000100de                PORT_Ventil_AllOff
                0x00000000000100f4                PORT_Ventil_AutoClose
                0x000000000001017e                PORT_RelaisSet
                0x000000000001019c                PORT_RelaisClr
                0x00000000000101ba                PORT_Relais_AllOff
                0x00000000000101d0                PORT_RunTime
 .text          0x00000000000101fc      0xc68 obj/Debug/sonic_app.o
                0x00000000000101fc                Sonic_App
                0x0000000000010566                Sonic_Data_Shot
                0x0000000000010648                Sonic_Data_Auto
                0x00000000000106f0                Sonic_ReadTank
                0x000000000001085e                Sonic_ChangePage
                0x0000000000010a84                Sonic_LevelCal
                0x0000000000010bca                Sonic_sVersion
                0x0000000000010cb0                Sonic_Data_Boot
                0x0000000000010d50                Sonic_Data_BootRead
                0x0000000000010de8                Sonic_Data_BootWrite
 .text          0x0000000000010e64       0xec obj/Debug/spi_func.o
                0x0000000000010e64                SPI_Init
                0x0000000000010eac                SPI_WriteByte
                0x0000000000010eea                SPI_WriteString
                0x0000000000010f34                SPI_ReadByte
 .text          0x0000000000010f50      0xda2 obj/Debug/tc_func.o
                0x0000000000010f50                TCC0_WaitMicroSec_Init
                0x0000000000010fe0                TCC0_WaitMilliSec_Init
                0x0000000000011070                TCC0_WaitSec_Init
                0x0000000000011100                TCC0_Wait_Query
                0x0000000000011144                TCC0_Stop
                0x000000000001115a                TCC0_wait_us
                0x000000000001118a                TCC0_wait_ms
                0x00000000000111ba                TCC0_wait_sec
                0x00000000000111f2                TCC0_Main_Wait
                0x0000000000011208                TCC0_DisplayManual_Wait
                0x000000000001121e                TCC0_DisplaySetup_Wait
                0x0000000000011234                TCC0_DisplayData_Wait
                0x000000000001124a                TCC0_Touch_Wait
                0x0000000000011260                TCC0_wait_3s5
                0x000000000001127c                TCC1_WaitMilliSec_Init
                0x000000000001130c                TCC1_Wait_Query
                0x0000000000011350                TCC1_Stop
                0x0000000000011366                TCD0_WaitMilliSec_Init
                0x00000000000113f6                TCD0_WaitSec_Init
                0x0000000000011486                TCD0_Wait_Query
                0x00000000000114ca                TCD0_Stop
                0x00000000000114e0                TCD1_WaitMilliSec_Init
                0x0000000000011570                TCD1_Wait_Query
                0x00000000000115b4                TCD1_Stop
                0x00000000000115ca                TCD1_MainAuto_SafetyTC
                0x0000000000011652                TCE0_WaitSec_Init
                0x00000000000116e2                TCE0_WaitMilliSec_Init
                0x0000000000011772                TCE0_Wait_Query
                0x00000000000117b6                TCE0_Stop
                0x00000000000117cc                TCE0_ErrorTimer
                0x0000000000011914                TCE1_WaitMilliSec_Init
                0x00000000000119a4                TCE1_Wait_Query
                0x00000000000119e8                TCE1_Stop
                0x00000000000119fe                TCF0_WaitSec_Init
                0x0000000000011a8e                TCF0_WaitMilliSec_Init
                0x0000000000011b1e                TCF0_Wait_Query
                0x0000000000011b62                TCF0_Stop
                0x0000000000011b78                TCF1_WaitSec_Init
                0x0000000000011c08                TCF1_WaitMilliSec_Init
                0x0000000000011c98                TCF1_Wait_Query
                0x0000000000011cdc                TCF1_Stop
 .text          0x0000000000011cf2     0x3dfe obj/Debug/touch_app.o
                0x0000000000011cf2                Touch_Matrix
                0x0000000000011f90                Touch_AutoLinker
                0x00000000000121de                Touch_ManualLinker
                0x00000000000123d8                Touch_SetupLinker
                0x0000000000012484                Touch_SetupCirculateLinker
                0x0000000000012836                Touch_SetupAirLinker
                0x0000000000012bbe                Touch_SetupSetDownLinker
                0x0000000000012d40                Touch_SetupPumpOffLinker
                0x0000000000012f74                Touch_SetupMudLinker
                0x000000000001322e                Touch_SetupCompressorLinker
                0x000000000001356a                Touch_SetupPhosphorLinker
                0x00000000000137c0                Touch_SetupInflowPumpLinker
                0x0000000000013b8e                Touch_SetupCalLinker
                0x0000000000013ec8                Touch_SetupAlarmLinker
                0x0000000000014154                Touch_SetupWatchLinker
                0x00000000000146da                Touch_SetupZoneLinker
                0x0000000000014b1c                Touch_DataLinker
                0x0000000000014bd0                Touch_DataAutoLinker
                0x0000000000014d26                Touch_DataManualLinker
                0x0000000000014e7c                Touch_DataSetupLinker
                0x0000000000014fd2                Touch_DataSonicLinker
                0x0000000000015232                Touch_PinLinker
 .text          0x0000000000015af0      0x608 obj/Debug/touch_driver.o
                0x0000000000015af0                Touch_Cal
                0x0000000000015c0c                Touch_X_Cal_Init
                0x0000000000015c8e                Touch_Y_Cal_Init
                0x0000000000015d10                Touch_X_Cal
                0x0000000000015d9e                Touch_Y_Cal
                0x0000000000015e2c                Touch_Clean
                0x0000000000015e4e                Touch_Y_Measure
                0x0000000000015e84                Touch_Y_Read
                0x0000000000015eea                Touch_Y_ReadData
                0x0000000000015f28                Touch_X_Measure
                0x0000000000015f5e                Touch_X_Read
                0x0000000000015fc4                Touch_X_ReadData
                0x0000000000016002                Touch_Read
 .text          0x00000000000160f8      0x7dc obj/Debug/twi_func.o
                0x00000000000160f8                TWI_Master_Init
                0x000000000001616e                TWI_Master_Error
                0x00000000000161f0                TWI_Master_WriteString
                0x000000000001629a                TWI_Master_ReadString
                0x00000000000163ee                TWI_Master_Send
                0x0000000000016466                TWI_Master_AddressWriteMode
                0x00000000000164d2                TWI_Master_Reset
                0x00000000000164ee                TWI2_Master_Init
                0x0000000000016568                TWI2_Master_Error
                0x00000000000165ea                TWI2_Master_WriteString
                0x00000000000166ae                TWI2_Master_AddressWriteMode
                0x0000000000016714                TWI2_Master_Send
                0x0000000000016778                TWI2_Master_ReadString
 .text          0x00000000000168d4      0x274 obj/Debug/usart_func.o
                0x00000000000168d4                __vector_122
                0x000000000001697a                USART_Init
                0x00000000000169ba                USART_ReadByte
                0x0000000000016a04                USART_Rx_Buffer
                0x0000000000016a9c                USART_WriteByte
                0x0000000000016af8                USART_WriteString
 .text          0x0000000000016b48        0x0 /usr/lib/gcc/avr/4.8.2/avrxmega7/libgcc.a(_divmodhi4.o)
 .text          0x0000000000016b48        0x0 /usr/lib/gcc/avr/4.8.2/avrxmega7/libgcc.a(_exit.o)
 .text          0x0000000000016b48        0x0 /usr/lib/gcc/avr/4.8.2/avrxmega7/libgcc.a(_tablejump.o)
 .text          0x0000000000016b48        0x0 /usr/lib/gcc/avr/4.8.2/avrxmega7/libgcc.a(_copy_data.o)
 .text          0x0000000000016b48        0x0 /usr/lib/gcc/avr/4.8.2/avrxmega7/libgcc.a(_clear_bss.o)
 .text          0x0000000000016b48        0x0 /usr/lib/gcc/avr/4.8.2/avrxmega7/libgcc.a(_udivmodhi4.o)
                0x0000000000016b48                . = ALIGN (0x2)
 *(.text.*)
 .text.libgcc.mul
                0x0000000000016b48        0x0 /usr/lib/gcc/avr/4.8.2/avrxmega7/libgcc.a(_divmodhi4.o)
 .text.libgcc.div
                0x0000000000016b48       0x28 /usr/lib/gcc/avr/4.8.2/avrxmega7/libgcc.a(_divmodhi4.o)
                0x0000000000016b48                __divmodhi4
                0x0000000000016b48                _div
 .text.libgcc   0x0000000000016b70        0x0 /usr/lib/gcc/avr/4.8.2/avrxmega7/libgcc.a(_divmodhi4.o)
 .text.libgcc.prologue
                0x0000000000016b70        0x0 /usr/lib/gcc/avr/4.8.2/avrxmega7/libgcc.a(_divmodhi4.o)
 .text.libgcc.builtins
                0x0000000000016b70        0x0 /usr/lib/gcc/avr/4.8.2/avrxmega7/libgcc.a(_divmodhi4.o)
 .text.libgcc.fmul
                0x0000000000016b70        0x0 /usr/lib/gcc/avr/4.8.2/avrxmega7/libgcc.a(_divmodhi4.o)
 .text.libgcc.fixed
                0x0000000000016b70        0x0 /usr/lib/gcc/avr/4.8.2/avrxmega7/libgcc.a(_divmodhi4.o)
 .text.libgcc.mul
                0x0000000000016b70        0x0 /usr/lib/gcc/avr/4.8.2/avrxmega7/libgcc.a(_exit.o)
 .text.libgcc.div
                0x0000000000016b70        0x0 /usr/lib/gcc/avr/4.8.2/avrxmega7/libgcc.a(_exit.o)
 .text.libgcc   0x0000000000016b70        0x0 /usr/lib/gcc/avr/4.8.2/avrxmega7/libgcc.a(_exit.o)
 .text.libgcc.prologue
                0x0000000000016b70        0x0 /usr/lib/gcc/avr/4.8.2/avrxmega7/libgcc.a(_exit.o)
 .text.libgcc.builtins
                0x0000000000016b70        0x0 /usr/lib/gcc/avr/4.8.2/avrxmega7/libgcc.a(_exit.o)
 .text.libgcc.fmul
                0x0000000000016b70        0x0 /usr/lib/gcc/avr/4.8.2/avrxmega7/libgcc.a(_exit.o)
 .text.libgcc.fixed
                0x0000000000016b70        0x0 /usr/lib/gcc/avr/4.8.2/avrxmega7/libgcc.a(_exit.o)
 .text.libgcc.mul
                0x0000000000016b70        0x0 /usr/lib/gcc/avr/4.8.2/avrxmega7/libgcc.a(_tablejump.o)
 .text.libgcc.div
                0x0000000000016b70        0x0 /usr/lib/gcc/avr/4.8.2/avrxmega7/libgcc.a(_tablejump.o)
 .text.libgcc   0x0000000000016b70        0xc /usr/lib/gcc/avr/4.8.2/avrxmega7/libgcc.a(_tablejump.o)
                0x0000000000016b70                __tablejump2__
                0x0000000000016b74                __tablejump__
 .text.libgcc.prologue
                0x0000000000016b7c        0x0 /usr/lib/gcc/avr/4.8.2/avrxmega7/libgcc.a(_tablejump.o)
 .text.libgcc.builtins
                0x0000000000016b7c        0x0 /usr/lib/gcc/avr/4.8.2/avrxmega7/libgcc.a(_tablejump.o)
 .text.libgcc.fmul
                0x0000000000016b7c        0x0 /usr/lib/gcc/avr/4.8.2/avrxmega7/libgcc.a(_tablejump.o)
 .text.libgcc.fixed
                0x0000000000016b7c        0x0 /usr/lib/gcc/avr/4.8.2/avrxmega7/libgcc.a(_tablejump.o)
 .text.libgcc.mul
                0x0000000000016b7c        0x0 /usr/lib/gcc/avr/4.8.2/avrxmega7/libgcc.a(_copy_data.o)
 .text.libgcc.div
                0x0000000000016b7c        0x0 /usr/lib/gcc/avr/4.8.2/avrxmega7/libgcc.a(_copy_data.o)
 .text.libgcc   0x0000000000016b7c        0x0 /usr/lib/gcc/avr/4.8.2/avrxmega7/libgcc.a(_copy_data.o)
 .text.libgcc.prologue
                0x0000000000016b7c        0x0 /usr/lib/gcc/avr/4.8.2/avrxmega7/libgcc.a(_copy_data.o)
 .text.libgcc.builtins
                0x0000000000016b7c        0x0 /usr/lib/gcc/avr/4.8.2/avrxmega7/libgcc.a(_copy_data.o)
 .text.libgcc.fmul
                0x0000000000016b7c        0x0 /usr/lib/gcc/avr/4.8.2/avrxmega7/libgcc.a(_copy_data.o)
 .text.libgcc.fixed
                0x0000000000016b7c        0x0 /usr/lib/gcc/avr/4.8.2/avrxmega7/libgcc.a(_copy_data.o)
 .text.libgcc.mul
                0x0000000000016b7c        0x0 /usr/lib/gcc/avr/4.8.2/avrxmega7/libgcc.a(_clear_bss.o)
 .text.libgcc.div
                0x0000000000016b7c        0x0 /usr/lib/gcc/avr/4.8.2/avrxmega7/libgcc.a(_clear_bss.o)
 .text.libgcc   0x0000000000016b7c        0x0 /usr/lib/gcc/avr/4.8.2/avrxmega7/libgcc.a(_clear_bss.o)
 .text.libgcc.prologue
                0x0000000000016b7c        0x0 /usr/lib/gcc/avr/4.8.2/avrxmega7/libgcc.a(_clear_bss.o)
 .text.libgcc.builtins
                0x0000000000016b7c        0x0 /usr/lib/gcc/avr/4.8.2/avrxmega7/libgcc.a(_clear_bss.o)
 .text.libgcc.fmul
                0x0000000000016b7c        0x0 /usr/lib/gcc/avr/4.8.2/avrxmega7/libgcc.a(_clear_bss.o)
 .text.libgcc.fixed
                0x0000000000016b7c        0x0 /usr/lib/gcc/avr/4.8.2/avrxmega7/libgcc.a(_clear_bss.o)
 .text.libgcc.mul
                0x0000000000016b7c        0x0 /usr/lib/gcc/avr/4.8.2/avrxmega7/libgcc.a(_udivmodhi4.o)
 .text.libgcc.div
                0x0000000000016b7c       0x28 /usr/lib/gcc/avr/4.8.2/avrxmega7/libgcc.a(_udivmodhi4.o)
                0x0000000000016b7c                __udivmodhi4
 .text.libgcc   0x0000000000016ba4        0x0 /usr/lib/gcc/avr/4.8.2/avrxmega7/libgcc.a(_udivmodhi4.o)
 .text.libgcc.prologue
                0x0000000000016ba4        0x0 /usr/lib/gcc/avr/4.8.2/avrxmega7/libgcc.a(_udivmodhi4.o)
 .text.libgcc.builtins
                0x0000000000016ba4        0x0 /usr/lib/gcc/avr/4.8.2/avrxmega7/libgcc.a(_udivmodhi4.o)
 .text.libgcc.fmul
                0x0000000000016ba4        0x0 /usr/lib/gcc/avr/4.8.2/avrxmega7/libgcc.a(_udivmodhi4.o)
 .text.libgcc.fixed
                0x0000000000016ba4        0x0 /usr/lib/gcc/avr/4.8.2/avrxmega7/libgcc.a(_udivmodhi4.o)
                0x0000000000016ba4                . = ALIGN (0x2)
 *(.fini9)
 .fini9         0x0000000000016ba4        0x0 /usr/lib/gcc/avr/4.8.2/avrxmega7/libgcc.a(_exit.o)
                0x0000000000016ba4                exit
                0x0000000000016ba4                _exit
 *(.fini9)
 *(.fini8)
 *(.fini8)
 *(.fini7)
 *(.fini7)
 *(.fini6)
 *(.fini6)
 *(.fini5)
 *(.fini5)
 *(.fini4)
 *(.fini4)
 *(.fini3)
 *(.fini3)
 *(.fini2)
 *(.fini2)
 *(.fini1)
 *(.fini1)
 *(.fini0)
 .fini0         0x0000000000016ba4        0x4 /usr/lib/gcc/avr/4.8.2/avrxmega7/libgcc.a(_exit.o)
 *(.fini0)
                0x0000000000016ba8                _etext = .

.data           0x0000000000802000     0x1c60 load address 0x0000000000016ba8
                0x0000000000802000                PROVIDE (__data_start, .)
 *(.data)
 .data          0x0000000000802000        0x0 /usr/lib/gcc/avr/4.8.2/../../../avr/lib/avrxmega7/crtx128a1.o
 .data          0x0000000000802000        0x0 obj/Debug/ad8555_driver.o
 .data          0x0000000000802000        0x0 obj/Debug/adc_func.o
 .data          0x0000000000802000        0x0 obj/Debug/at24c_app.o
 .data          0x0000000000802000        0x0 obj/Debug/at24c_driver.o
 .data          0x0000000000802000        0x0 obj/Debug/basic_func.o
 .data          0x0000000000802000        0x0 obj/Debug/can_app.o
 .data          0x0000000000802000        0x0 obj/Debug/error_func.o
 .data          0x0000000000802000        0x7 obj/Debug/eval_app.o
 .data          0x0000000000802007        0xf obj/Debug/lcd_app.o
 .data          0x0000000000802016     0x19a4 obj/Debug/lcd_driver.o
                0x0000000000802016                Font_6X8
                0x000000000080225e                Font_6X8_Neg
                0x00000000008024a0                FontNumbers_4X6_Neg
                0x00000000008024e3                FontNumbers_4X6
                0x0000000000802541                Font_Numbers_8X16
                0x0000000000802683                Symbols_35x23_bmp
                0x00000000008029cd                Symbols_29x17_bmp
                0x000000000080309b                Symbols_19x19_bmp
                0x00000000008035bc                Pin_34x21_bmp
                0x0000000000803822                textButton_39x16_bmp
                0x00000000008038c0                Text_HECS
                0x000000000080390e                Text_Purator
                0x00000000008039ac                LcdInitMacro
 .data          0x00000000008039ba        0x3 obj/Debug/lcd_sym.o
 .data          0x00000000008039bd        0x0 obj/Debug/main.o
 .data          0x00000000008039bd        0x0 obj/Debug/mcp2515_driver.o
 .data          0x00000000008039bd        0x0 obj/Debug/mcp7941_driver.o
 .data          0x00000000008039bd        0x0 obj/Debug/mcp9800_driver.o
 .data          0x00000000008039bd        0x0 obj/Debug/memory_app.o
 .data          0x00000000008039bd        0x0 obj/Debug/memory_func.o
 .data          0x00000000008039bd       0x10 obj/Debug/modem_driver.o
 .data          0x00000000008039cd        0x0 obj/Debug/mpx_driver.o
 .data          0x00000000008039cd        0x0 obj/Debug/output_app.o
 .data          0x00000000008039cd        0x2 obj/Debug/port_func.o
 .data          0x00000000008039cf        0x1 obj/Debug/sonic_app.o
 .data          0x00000000008039d0        0x0 obj/Debug/spi_func.o
 .data          0x00000000008039d0        0x0 obj/Debug/tc_func.o
 .data          0x00000000008039d0        0x3 obj/Debug/touch_app.o
 .data          0x00000000008039d3        0x0 obj/Debug/touch_driver.o
 .data          0x00000000008039d3        0xa obj/Debug/twi_func.o
 .data          0x00000000008039dd        0x0 obj/Debug/usart_func.o
 .data          0x00000000008039dd        0x0 /usr/lib/gcc/avr/4.8.2/avrxmega7/libgcc.a(_divmodhi4.o)
 .data          0x00000000008039dd        0x0 /usr/lib/gcc/avr/4.8.2/avrxmega7/libgcc.a(_exit.o)
 .data          0x00000000008039dd        0x0 /usr/lib/gcc/avr/4.8.2/avrxmega7/libgcc.a(_tablejump.o)
 .data          0x00000000008039dd        0x0 /usr/lib/gcc/avr/4.8.2/avrxmega7/libgcc.a(_copy_data.o)
 .data          0x00000000008039dd        0x0 /usr/lib/gcc/avr/4.8.2/avrxmega7/libgcc.a(_clear_bss.o)
 .data          0x00000000008039dd        0x0 /usr/lib/gcc/avr/4.8.2/avrxmega7/libgcc.a(_udivmodhi4.o)
 *(.data*)
 *(.rodata)
 .rodata        0x00000000008039dd        0xa obj/Debug/can_app.o
 .rodata        0x00000000008039e7        0xb obj/Debug/eval_app.o
 .rodata        0x00000000008039f2       0x49 obj/Debug/lcd_app.o
 .rodata        0x0000000000803a3b       0x38 obj/Debug/lcd_driver.o
 .rodata        0x0000000000803a73       0xe6 obj/Debug/lcd_sym.o
 .rodata        0x0000000000803b59        0x3 obj/Debug/mcp7941_driver.o
 .rodata        0x0000000000803b5c        0x2 obj/Debug/mcp9800_driver.o
 .rodata        0x0000000000803b5e       0x3c obj/Debug/modem_driver.o
 .rodata        0x0000000000803b9a       0x11 obj/Debug/port_func.o
 .rodata        0x0000000000803bab       0x14 obj/Debug/sonic_app.o
 .rodata        0x0000000000803bbf       0x19 obj/Debug/touch_app.o
 .rodata        0x0000000000803bd8       0x88 obj/Debug/touch_driver.o
 *(.rodata*)
 *(.gnu.linkonce.d*)
                0x0000000000803c60                . = ALIGN (0x2)
                0x0000000000803c60                _edata = .
                0x0000000000803c60                PROVIDE (__data_end, .)

.bss            0x0000000000803c60      0x15b
                0x0000000000803c60                PROVIDE (__bss_start, .)
 *(.bss)
 .bss           0x0000000000803c60        0x0 /usr/lib/gcc/avr/4.8.2/../../../avr/lib/avrxmega7/crtx128a1.o
 .bss           0x0000000000803c60        0x0 obj/Debug/ad8555_driver.o
 .bss           0x0000000000803c60        0x2 obj/Debug/adc_func.o
 .bss           0x0000000000803c62        0x0 obj/Debug/at24c_app.o
 .bss           0x0000000000803c62        0x0 obj/Debug/at24c_driver.o
 .bss           0x0000000000803c62        0x0 obj/Debug/basic_func.o
 .bss           0x0000000000803c62       0x1a obj/Debug/can_app.o
 .bss           0x0000000000803c7c        0xc obj/Debug/error_func.o
 .bss           0x0000000000803c88        0x6 obj/Debug/eval_app.o
 .bss           0x0000000000803c8e       0x19 obj/Debug/lcd_app.o
 .bss           0x0000000000803ca7        0x2 obj/Debug/lcd_driver.o
 .bss           0x0000000000803ca9       0x11 obj/Debug/lcd_sym.o
 .bss           0x0000000000803cba        0x0 obj/Debug/main.o
 .bss           0x0000000000803cba        0x0 obj/Debug/mcp2515_driver.o
 .bss           0x0000000000803cba        0x2 obj/Debug/mcp7941_driver.o
 .bss           0x0000000000803cbc        0x1 obj/Debug/mcp9800_driver.o
 .bss           0x0000000000803cbd        0x5 obj/Debug/memory_app.o
 .bss           0x0000000000803cc2        0x0 obj/Debug/memory_func.o
 .bss           0x0000000000803cc2        0x1 obj/Debug/modem_driver.o
 .bss           0x0000000000803cc3       0x2f obj/Debug/mpx_driver.o
 .bss           0x0000000000803cf2        0x1 obj/Debug/output_app.o
 .bss           0x0000000000803cf3        0x3 obj/Debug/port_func.o
 .bss           0x0000000000803cf6        0xf obj/Debug/sonic_app.o
 .bss           0x0000000000803d05        0x0 obj/Debug/spi_func.o
 .bss           0x0000000000803d05        0x2 obj/Debug/tc_func.o
 .bss           0x0000000000803d07       0x74 obj/Debug/touch_app.o
 .bss           0x0000000000803d7b        0x3 obj/Debug/touch_driver.o
 .bss           0x0000000000803d7e        0xa obj/Debug/twi_func.o
 .bss           0x0000000000803d88       0x33 obj/Debug/usart_func.o
 .bss           0x0000000000803dbb        0x0 /usr/lib/gcc/avr/4.8.2/avrxmega7/libgcc.a(_divmodhi4.o)
 .bss           0x0000000000803dbb        0x0 /usr/lib/gcc/avr/4.8.2/avrxmega7/libgcc.a(_exit.o)
 .bss           0x0000000000803dbb        0x0 /usr/lib/gcc/avr/4.8.2/avrxmega7/libgcc.a(_tablejump.o)
 .bss           0x0000000000803dbb        0x0 /usr/lib/gcc/avr/4.8.2/avrxmega7/libgcc.a(_copy_data.o)
 .bss           0x0000000000803dbb        0x0 /usr/lib/gcc/avr/4.8.2/avrxmega7/libgcc.a(_clear_bss.o)
 .bss           0x0000000000803dbb        0x0 /usr/lib/gcc/avr/4.8.2/avrxmega7/libgcc.a(_udivmodhi4.o)
 *(.bss*)
 *(COMMON)
                0x0000000000803dbb                PROVIDE (__bss_end, .)
                0x0000000000016ba8                __data_load_start = LOADADDR (.data)
                0x0000000000018808                __data_load_end = (__data_load_start + SIZEOF (.data))

.noinit         0x0000000000803dbb        0x0
                0x0000000000803dbb                PROVIDE (__noinit_start, .)
 *(.noinit*)
                0x0000000000803dbb                PROVIDE (__noinit_end, .)
                0x0000000000803dbb                _end = .
                0x0000000000803dbb                PROVIDE (__heap_start, .)

.eeprom         0x0000000000810000        0x0
 *(.eeprom*)
                0x0000000000810000                __eeprom_end = .

.fuse
 *(.fuse)
 *(.lfuse)
 *(.hfuse)
 *(.efuse)

.lock
 *(.lock*)

.signature
 *(.signature*)

.user_signatures
 *(.user_signatures*)

.stab           0x0000000000000000    0x27b94
 *(.stab)
 .stab          0x0000000000000000      0x714 /usr/lib/gcc/avr/4.8.2/../../../avr/lib/avrxmega7/crtx128a1.o
 .stab          0x0000000000000714     0x1bb4 obj/Debug/ad8555_driver.o
                                       0x1bc0 (size before relaxing)
 .stab          0x00000000000022c8      0x834 obj/Debug/adc_func.o
                                       0x19a4 (size before relaxing)
 .stab          0x0000000000002afc      0x6cc obj/Debug/at24c_app.o
                                       0x17a0 (size before relaxing)
 .stab          0x00000000000031c8      0x6d8 obj/Debug/at24c_driver.o
                                       0x1848 (size before relaxing)
 .stab          0x00000000000038a0      0x774 obj/Debug/basic_func.o
                                       0x19b0 (size before relaxing)
 .stab          0x0000000000004014     0x16f8 obj/Debug/can_app.o
                                       0x29b8 (size before relaxing)
 .stab          0x000000000000570c     0x14b8 obj/Debug/error_func.o
                                       0x27d8 (size before relaxing)
 .stab          0x0000000000006bc4     0x1890 obj/Debug/eval_app.o
                                       0x2bd4 (size before relaxing)
 .stab          0x0000000000008454     0x4584 obj/Debug/lcd_app.o
                                       0x5934 (size before relaxing)
 .stab          0x000000000000c9d8     0x4584 obj/Debug/lcd_driver.o
                                       0x57c0 (size before relaxing)
 .stab          0x0000000000010f5c     0x4314 obj/Debug/lcd_sym.o
                                       0x5670 (size before relaxing)
 .stab          0x0000000000015270      0x600 obj/Debug/main.o
                                       0x18cc (size before relaxing)
 .stab          0x0000000000015870      0x90c obj/Debug/mcp2515_driver.o
                                       0x1b48 (size before relaxing)
 .stab          0x000000000001617c      0xb28 obj/Debug/mcp7941_driver.o
                                       0x1d64 (size before relaxing)
 .stab          0x0000000000016ca4      0x714 obj/Debug/mcp9800_driver.o
                                       0x198c (size before relaxing)
 .stab          0x00000000000173b8     0x1824 obj/Debug/memory_app.o
                                       0x2ad8 (size before relaxing)
 .stab          0x0000000000018bdc      0x8c4 obj/Debug/memory_func.o
                                       0x1a88 (size before relaxing)
 .stab          0x00000000000194a0      0xda4 obj/Debug/modem_driver.o
                                       0x2004 (size before relaxing)
 .stab          0x000000000001a244      0xf48 obj/Debug/mpx_driver.o
                                       0x2238 (size before relaxing)
 .stab          0x000000000001b18c      0xf00 obj/Debug/output_app.o
                                       0x2220 (size before relaxing)
 .stab          0x000000000001c08c      0xdf8 obj/Debug/port_func.o
                                       0x2118 (size before relaxing)
 .stab          0x000000000001ce84     0x1380 obj/Debug/sonic_app.o
                                       0x15cc (size before relaxing)
 .stab          0x000000000001e204      0x54c obj/Debug/spi_func.o
                                       0x16bc (size before relaxing)
 .stab          0x000000000001e750     0x1db8 obj/Debug/tc_func.o
                                       0x2f28 (size before relaxing)
 .stab          0x0000000000020508     0x4d34 obj/Debug/touch_app.o
                                       0x6108 (size before relaxing)
 .stab          0x000000000002523c      0xf9c obj/Debug/touch_driver.o
                                       0x228c (size before relaxing)
 .stab          0x00000000000261d8     0x12e4 obj/Debug/twi_func.o
                                       0x2520 (size before relaxing)
 .stab          0x00000000000274bc      0x6d8 obj/Debug/usart_func.o
                                       0x1950 (size before relaxing)

.stabstr        0x0000000000000000    0x1173b
 *(.stabstr)
 .stabstr       0x0000000000000000    0x1173b /usr/lib/gcc/avr/4.8.2/../../../avr/lib/avrxmega7/crtx128a1.o

.stab.excl
 *(.stab.excl)

.stab.exclstr
 *(.stab.exclstr)

.stab.index
 *(.stab.index)

.stab.indexstr
 *(.stab.indexstr)

.comment        0x0000000000000000       0x11
 *(.comment)
 .comment       0x0000000000000000       0x11 obj/Debug/ad8555_driver.o
                                         0x12 (size before relaxing)
 .comment       0x0000000000000000       0x12 obj/Debug/adc_func.o
 .comment       0x0000000000000000       0x12 obj/Debug/at24c_app.o
 .comment       0x0000000000000000       0x12 obj/Debug/at24c_driver.o
 .comment       0x0000000000000000       0x12 obj/Debug/basic_func.o
 .comment       0x0000000000000000       0x12 obj/Debug/can_app.o
 .comment       0x0000000000000000       0x12 obj/Debug/error_func.o
 .comment       0x0000000000000000       0x12 obj/Debug/eval_app.o
 .comment       0x0000000000000000       0x12 obj/Debug/lcd_app.o
 .comment       0x0000000000000000       0x12 obj/Debug/lcd_driver.o
 .comment       0x0000000000000000       0x12 obj/Debug/lcd_sym.o
 .comment       0x0000000000000000       0x12 obj/Debug/main.o
 .comment       0x0000000000000000       0x12 obj/Debug/mcp2515_driver.o
 .comment       0x0000000000000000       0x12 obj/Debug/mcp7941_driver.o
 .comment       0x0000000000000000       0x12 obj/Debug/mcp9800_driver.o
 .comment       0x0000000000000000       0x12 obj/Debug/memory_app.o
 .comment       0x0000000000000000       0x12 obj/Debug/memory_func.o
 .comment       0x0000000000000000       0x12 obj/Debug/modem_driver.o
 .comment       0x0000000000000000       0x12 obj/Debug/mpx_driver.o
 .comment       0x0000000000000000       0x12 obj/Debug/output_app.o
 .comment       0x0000000000000000       0x12 obj/Debug/port_func.o
 .comment       0x0000000000000000       0x12 obj/Debug/sonic_app.o
 .comment       0x0000000000000000       0x12 obj/Debug/spi_func.o
 .comment       0x0000000000000000       0x12 obj/Debug/tc_func.o
 .comment       0x0000000000000000       0x12 obj/Debug/touch_app.o
 .comment       0x0000000000000000       0x12 obj/Debug/touch_driver.o
 .comment       0x0000000000000000       0x12 obj/Debug/twi_func.o
 .comment       0x0000000000000000       0x12 obj/Debug/usart_func.o

.debug
 *(.debug)

.line
 *(.line)

.debug_srcinfo
 *(.debug_srcinfo)

.debug_sfnames
 *(.debug_sfnames)

.debug_aranges
 *(.debug_aranges)

.debug_pubnames
 *(.debug_pubnames)

.debug_info
 *(.debug_info)
 *(.gnu.linkonce.wi.*)

.debug_abbrev
 *(.debug_abbrev)

.debug_line
 *(.debug_line)

.debug_frame
 *(.debug_frame)

.debug_str
 *(.debug_str)

.debug_loc
 *(.debug_loc)

.debug_macinfo
 *(.debug_macinfo)

.debug_pubtypes
 *(.debug_pubtypes)

.debug_ranges
 *(.debug_ranges)

.debug_macro
 *(.debug_macro)
OUTPUT(bin/Debug/control.elf elf32-avr)
LOAD linker stubs

Kreuzreferenz-Tabelle

Symbol                                            Datei
AD8555_Init                                       obj/Debug/ad8555_driver.o
                                                  obj/Debug/basic_func.o
AD8555_SetSim_FirstGain                           obj/Debug/ad8555_driver.o
AD8555_SetSim_SecondGain                          obj/Debug/ad8555_driver.o
AD8555_Write_Bit                                  obj/Debug/ad8555_driver.o
AD8555_Write_Data_SimFirstGain                    obj/Debug/ad8555_driver.o
AD8555_Write_Data_SimSecondGain                   obj/Debug/ad8555_driver.o
AD8555_Write_EndPacket                            obj/Debug/ad8555_driver.o
AD8555_Write_FC_SimFirstGain                      obj/Debug/ad8555_driver.o
AD8555_Write_FC_SimSecondGain                     obj/Debug/ad8555_driver.o
AD8555_Write_StartPacket                          obj/Debug/ad8555_driver.o
ADC_Init                                          obj/Debug/adc_func.o
                                                  obj/Debug/basic_func.o
ADC_MPX_Ch                                        obj/Debug/adc_func.o
ADC_Touch_Ch                                      obj/Debug/adc_func.o
ADC_USV_Ch                                        obj/Debug/adc_func.o
ADC_USV_Check                                     obj/Debug/adc_func.o
                                                  obj/Debug/port_func.o
AT24C_Init                                        obj/Debug/at24c_driver.o
                                                  obj/Debug/basic_func.o
AT24C_Read8Byte                                   obj/Debug/at24c_driver.o
                                                  obj/Debug/can_app.o
AT24C_ReadByte                                    obj/Debug/at24c_driver.o
                                                  obj/Debug/at24c_app.o
AT24C_ReadVar                                     obj/Debug/at24c_app.o
                                                  obj/Debug/modem_driver.o
AT24C_WriteByte                                   obj/Debug/at24c_driver.o
                                                  obj/Debug/at24c_app.o
AT24C_WritePage                                   obj/Debug/at24c_driver.o
                                                  obj/Debug/can_app.o
AT24C_WriteVar                                    obj/Debug/at24c_app.o
                                                  obj/Debug/modem_driver.o
Basic_Init                                        obj/Debug/basic_func.o
                                                  obj/Debug/main.o
Basic_Init_Mem                                    obj/Debug/basic_func.o
CAN_Init                                          obj/Debug/can_app.o
                                                  obj/Debug/basic_func.o
CAN_LiveCheck                                     obj/Debug/can_app.o
CAN_RxACK                                         obj/Debug/can_app.o
                                                  obj/Debug/sonic_app.o
                                                  obj/Debug/basic_func.o
CAN_RxB0_Init                                     obj/Debug/can_app.o
CAN_RxB0_Read                                     obj/Debug/can_app.o
CAN_SonicDistance                                 obj/Debug/can_app.o
                                                  obj/Debug/sonic_app.o
CAN_SonicReadProgram                              obj/Debug/can_app.o
                                                  obj/Debug/sonic_app.o
CAN_SonicTemp                                     obj/Debug/can_app.o
                                                  obj/Debug/sonic_app.o
CAN_SonicVersion                                  obj/Debug/can_app.o
                                                  obj/Debug/sonic_app.o
CAN_SonicWriteProgram                             obj/Debug/can_app.o
                                                  obj/Debug/sonic_app.o
CAN_TxB0_Write                                    obj/Debug/can_app.o
CAN_TxCmd                                         obj/Debug/can_app.o
                                                  obj/Debug/sonic_app.o
                                                  obj/Debug/basic_func.o
CAN_TxUSSREG                                      obj/Debug/can_app.o
Clock_Init                                        obj/Debug/basic_func.o
Error_Action_IT_SetError                          obj/Debug/error_func.o
Error_Action_OP_Air                               obj/Debug/error_func.o
Error_Action_OP_SetDown                           obj/Debug/error_func.o
Error_Action_OP_SetError                          obj/Debug/error_func.o
Error_Action_OT_SetError                          obj/Debug/error_func.o
Error_Action_Temp_SetError                        obj/Debug/error_func.o
Error_Action_UP_Air                               obj/Debug/error_func.o
Error_Action_UP_SetError                          obj/Debug/error_func.o
Error_Detection                                   obj/Debug/error_func.o
                                                  obj/Debug/lcd_app.o
Error_OFF                                         obj/Debug/error_func.o
                                                  obj/Debug/touch_app.o
Error_ON                                          obj/Debug/error_func.o
Error_Read                                        obj/Debug/error_func.o
Error_Symbol                                      obj/Debug/error_func.o
Error_Treatment                                   obj/Debug/error_func.o
Eval_Comp_OpHours                                 obj/Debug/eval_app.o
                                                  obj/Debug/lcd_sym.o
Eval_CountDown                                    obj/Debug/eval_app.o
                                                  obj/Debug/lcd_app.o
Eval_Memory_LatestEntry                           obj/Debug/eval_app.o
                                                  obj/Debug/lcd_app.o
Eval_Memory_NoEntry                               obj/Debug/eval_app.o
                                                  obj/Debug/memory_app.o
Eval_Memory_OldestEntry                           obj/Debug/eval_app.o
                                                  obj/Debug/memory_app.o
Eval_Oxygen                                       obj/Debug/eval_app.o
                                                  obj/Debug/lcd_sym.o
                                                  obj/Debug/lcd_app.o
Eval_PinClr                                       obj/Debug/eval_app.o
                                                  obj/Debug/touch_app.o
Eval_PinDel                                       obj/Debug/eval_app.o
                                                  obj/Debug/touch_app.o
                                                  obj/Debug/lcd_sym.o
Eval_PinWrite                                     obj/Debug/eval_app.o
                                                  obj/Debug/touch_app.o
Eval_SetupAirTextMark                             obj/Debug/eval_app.o
                                                  obj/Debug/touch_app.o
Eval_SetupCircSensorMark                          obj/Debug/eval_app.o
                                                  obj/Debug/touch_app.o
Eval_SetupCircTextMark                            obj/Debug/eval_app.o
                                                  obj/Debug/touch_app.o
Eval_SetupMinus                                   obj/Debug/eval_app.o
                                                  obj/Debug/touch_app.o
Eval_SetupPlus                                    obj/Debug/eval_app.o
                                                  obj/Debug/touch_app.o
Eval_SetupPumpMark                                obj/Debug/eval_app.o
                                                  obj/Debug/touch_app.o
Eval_SetupWatchMark                               obj/Debug/eval_app.o
                                                  obj/Debug/touch_app.o
FontNumbers_4X6                                   obj/Debug/lcd_driver.o
FontNumbers_4X6_Neg                               obj/Debug/lcd_driver.o
Font_6X8                                          obj/Debug/lcd_driver.o
Font_6X8_Neg                                      obj/Debug/lcd_driver.o
Font_Numbers_8X16                                 obj/Debug/lcd_driver.o
LCD_AllPixelsOn                                   obj/Debug/lcd_driver.o
LCD_AllPixelsOnOff                                obj/Debug/lcd_driver.o
LCD_AutoAirSym                                    obj/Debug/lcd_sym.o
LCD_AutoCountDown                                 obj/Debug/lcd_sym.o
                                                  obj/Debug/touch_app.o
                                                  obj/Debug/lcd_app.o
LCD_AutoPage                                      obj/Debug/lcd_app.o
                                                  obj/Debug/main.o
LCD_AutoPage_Air                                  obj/Debug/lcd_app.o
LCD_AutoPage_Circ                                 obj/Debug/lcd_app.o
LCD_AutoPage_Mud                                  obj/Debug/lcd_app.o
LCD_AutoPage_PumpOff                              obj/Debug/lcd_app.o
LCD_AutoPage_SetDown                              obj/Debug/lcd_app.o
LCD_AutoPage_Zone                                 obj/Debug/lcd_app.o
LCD_AutoRead_StartTime                            obj/Debug/lcd_sym.o
LCD_AutoSet                                       obj/Debug/lcd_app.o
LCD_AutoSet_Mud                                   obj/Debug/lcd_sym.o
                                                  obj/Debug/lcd_app.o
LCD_AutoSet_Page                                  obj/Debug/lcd_sym.o
                                                  obj/Debug/lcd_app.o
LCD_AutoSet_PumpOff                               obj/Debug/lcd_sym.o
                                                  obj/Debug/lcd_app.o
LCD_AutoSet_SetDown                               obj/Debug/lcd_sym.o
                                                  obj/Debug/lcd_app.o
LCD_AutoSet_Symbol                                obj/Debug/lcd_app.o
                                                  obj/Debug/error_func.o
LCD_AutoSet_Zone                                  obj/Debug/lcd_sym.o
                                                  obj/Debug/lcd_app.o
LCD_AutoText                                      obj/Debug/lcd_sym.o
                                                  obj/Debug/lcd_app.o
LCD_Auto_InflowPump                               obj/Debug/lcd_app.o
                                                  obj/Debug/touch_app.o
                                                  obj/Debug/lcd_sym.o
                                                  obj/Debug/error_func.o
LCD_Auto_Phosphor                                 obj/Debug/lcd_app.o
[...]
__bad_interrupt                                   /usr/lib/gcc/avr/4.8.2/../../../avr/lib/avrxmega7/crtx128a1.o
__bss_end                                         /usr/lib/gcc/avr/4.8.2/avrxmega7/libgcc.a(_clear_bss.o)
__bss_start                                       /usr/lib/gcc/avr/4.8.2/avrxmega7/libgcc.a(_clear_bss.o)
__data_end                                        /usr/lib/gcc/avr/4.8.2/avrxmega7/libgcc.a(_copy_data.o)
__data_load_start                                 /usr/lib/gcc/avr/4.8.2/avrxmega7/libgcc.a(_copy_data.o)
__data_start                                      /usr/lib/gcc/avr/4.8.2/avrxmega7/libgcc.a(_copy_data.o)
__divmodhi4                                       /usr/lib/gcc/avr/4.8.2/avrxmega7/libgcc.a(_divmodhi4.o)
                                                  obj/Debug/touch_driver.o
                                                  obj/Debug/mpx_driver.o
                                                  obj/Debug/lcd_sym.o
                                                  obj/Debug/lcd_driver.o
__do_clear_bss                                    /usr/lib/gcc/avr/4.8.2/avrxmega7/libgcc.a(_clear_bss.o)
                                                  obj/Debug/usart_func.o
                                                  obj/Debug/twi_func.o
                                                  obj/Debug/touch_driver.o
                                                  obj/Debug/touch_app.o
                                                  obj/Debug/tc_func.o
                                                  obj/Debug/sonic_app.o
                                                  obj/Debug/port_func.o
                                                  obj/Debug/output_app.o
                                                  obj/Debug/mpx_driver.o
                                                  obj/Debug/modem_driver.o
                                                  obj/Debug/memory_app.o
                                                  obj/Debug/mcp9800_driver.o
                                                  obj/Debug/mcp7941_driver.o
                                                  obj/Debug/lcd_sym.o
                                                  obj/Debug/lcd_driver.o
                                                  obj/Debug/lcd_app.o
                                                  obj/Debug/eval_app.o
                                                  obj/Debug/error_func.o
                                                  obj/Debug/can_app.o
                                                  obj/Debug/adc_func.o
__do_copy_data                                    /usr/lib/gcc/avr/4.8.2/avrxmega7/libgcc.a(_copy_data.o)
                                                  obj/Debug/twi_func.o
                                                  obj/Debug/touch_driver.o
                                                  obj/Debug/touch_app.o
                                                  obj/Debug/sonic_app.o
                                                  obj/Debug/port_func.o
                                                  obj/Debug/modem_driver.o
                                                  obj/Debug/mcp9800_driver.o
                                                  obj/Debug/mcp7941_driver.o
                                                  obj/Debug/lcd_sym.o
                                                  obj/Debug/lcd_driver.o
                                                  obj/Debug/lcd_app.o
                                                  obj/Debug/eval_app.o
                                                  obj/Debug/can_app.o
__heap_end                                        /usr/lib/gcc/avr/4.8.2/../../../avr/lib/avrxmega7/crtx128a1.o
__init                                            /usr/lib/gcc/avr/4.8.2/../../../avr/lib/avrxmega7/crtx128a1.o
__stack                                           /usr/lib/gcc/avr/4.8.2/../../../avr/lib/avrxmega7/crtx128a1.o
__tablejump2__                                    /usr/lib/gcc/avr/4.8.2/avrxmega7/libgcc.a(_tablejump.o)
                                                  obj/Debug/touch_app.o
                                                  obj/Debug/port_func.o
                                                  obj/Debug/memory_app.o
                                                  obj/Debug/main.o
                                                  obj/Debug/lcd_sym.o
                                                  obj/Debug/lcd_driver.o
                                                  obj/Debug/lcd_app.o
                                                  obj/Debug/error_func.o
                                                  obj/Debug/can_app.o
                                                  obj/Debug/at24c_app.o
__tablejump__                                     /usr/lib/gcc/avr/4.8.2/avrxmega7/libgcc.a(_tablejump.o)
__udivmodhi4                                      /usr/lib/gcc/avr/4.8.2/avrxmega7/libgcc.a(_udivmodhi4.o)
                                                  /usr/lib/gcc/avr/4.8.2/avrxmega7/libgcc.a(_divmodhi4.o)
__vector_1                                        /usr/lib/gcc/avr/4.8.2/../../../avr/lib/avrxmega7/crtx128a1.o
__vector_10                                       /usr/lib/gcc/avr/4.8.2/../../../avr/lib/avrxmega7/crtx128a1.o
__vector_100                                      /usr/lib/gcc/avr/4.8.2/../../../avr/lib/avrxmega7/crtx128a1.o
__vector_101                                      /usr/lib/gcc/avr/4.8.2/../../../avr/lib/avrxmega7/crtx128a1.o
__vector_102                                      /usr/lib/gcc/avr/4.8.2/../../../avr/lib/avrxmega7/crtx128a1.o
__vector_103                                      /usr/lib/gcc/avr/4.8.2/../../../avr/lib/avrxmega7/crtx128a1.o
__vector_104                                      /usr/lib/gcc/avr/4.8.2/../../../avr/lib/avrxmega7/crtx128a1.o
__vector_105                                      /usr/lib/gcc/avr/4.8.2/../../../avr/lib/avrxmega7/crtx128a1.o
__vector_106                                      /usr/lib/gcc/avr/4.8.2/../../../avr/lib/avrxmega7/crtx128a1.o
__vector_107                                      /usr/lib/gcc/avr/4.8.2/../../../avr/lib/avrxmega7/crtx128a1.o
__vector_108                                      /usr/lib/gcc/avr/4.8.2/../../../avr/lib/avrxmega7/crtx128a1.o
__vector_109                                      /usr/lib/gcc/avr/4.8.2/../../../avr/lib/avrxmega7/crtx128a1.o
__vector_11                                       /usr/lib/gcc/avr/4.8.2/../../../avr/lib/avrxmega7/crtx128a1.o
__vector_110                                      /usr/lib/gcc/avr/4.8.2/../../../avr/lib/avrxmega7/crtx128a1.o
__vector_111                                      /usr/lib/gcc/avr/4.8.2/../../../avr/lib/avrxmega7/crtx128a1.o
__vector_112                                      /usr/lib/gcc/avr/4.8.2/../../../avr/lib/avrxmega7/crtx128a1.o
__vector_113                                      /usr/lib/gcc/avr/4.8.2/../../../avr/lib/avrxmega7/crtx128a1.o
__vector_114                                      /usr/lib/gcc/avr/4.8.2/../../../avr/lib/avrxmega7/crtx128a1.o
__vector_115                                      /usr/lib/gcc/avr/4.8.2/../../../avr/lib/avrxmega7/crtx128a1.o
__vector_116                                      /usr/lib/gcc/avr/4.8.2/../../../avr/lib/avrxmega7/crtx128a1.o
__vector_117                                      /usr/lib/gcc/avr/4.8.2/../../../avr/lib/avrxmega7/crtx128a1.o
__vector_118                                      /usr/lib/gcc/avr/4.8.2/../../../avr/lib/avrxmega7/crtx128a1.o
__vector_119                                      /usr/lib/gcc/avr/4.8.2/../../../avr/lib/avrxmega7/crtx128a1.o
__vector_12                                       /usr/lib/gcc/avr/4.8.2/../../../avr/lib/avrxmega7/crtx128a1.o
__vector_120                                      /usr/lib/gcc/avr/4.8.2/../../../avr/lib/avrxmega7/crtx128a1.o
__vector_121                                      /usr/lib/gcc/avr/4.8.2/../../../avr/lib/avrxmega7/crtx128a1.o
__vector_122                                      obj/Debug/usart_func.o
                                                  /usr/lib/gcc/avr/4.8.2/../../../avr/lib/avrxmega7/crtx128a1.o
__vector_123                                      /usr/lib/gcc/avr/4.8.2/../../../avr/lib/avrxmega7/crtx128a1.o
__vector_124                                      /usr/lib/gcc/avr/4.8.2/../../../avr/lib/avrxmega7/crtx128a1.o
__vector_13                                       /usr/lib/gcc/avr/4.8.2/../../../avr/lib/avrxmega7/crtx128a1.o
__vector_14                                       /usr/lib/gcc/avr/4.8.2/../../../avr/lib/avrxmega7/crtx128a1.o
__vector_15                                       /usr/lib/gcc/avr/4.8.2/../../../avr/lib/avrxmega7/crtx128a1.o
__vector_16                                       /usr/lib/gcc/avr/4.8.2/../../../avr/lib/avrxmega7/crtx128a1.o
__vector_17                                       /usr/lib/gcc/avr/4.8.2/../../../avr/lib/avrxmega7/crtx128a1.o
__vector_18                                       /usr/lib/gcc/avr/4.8.2/../../../avr/lib/avrxmega7/crtx128a1.o
__vector_19                                       /usr/lib/gcc/avr/4.8.2/../../../avr/lib/avrxmega7/crtx128a1.o
__vector_2                                        /usr/lib/gcc/avr/4.8.2/../../../avr/lib/avrxmega7/crtx128a1.o
__vector_20                                       /usr/lib/gcc/avr/4.8.2/../../../avr/lib/avrxmega7/crtx128a1.o
__vector_21                                       /usr/lib/gcc/avr/4.8.2/../../../avr/lib/avrxmega7/crtx128a1.o
__vector_22                                       /usr/lib/gcc/avr/4.8.2/../../../avr/lib/avrxmega7/crtx128a1.o
__vector_23                                       /usr/lib/gcc/avr/4.8.2/../../../avr/lib/avrxmega7/crtx128a1.o
__vector_24                                       /usr/lib/gcc/avr/4.8.2/../../../avr/lib/avrxmega7/crtx128a1.o
__vector_25                                       /usr/lib/gcc/avr/4.8.2/../../../avr/lib/avrxmega7/crtx128a1.o
__vector_26                                       /usr/lib/gcc/avr/4.8.2/../../../avr/lib/avrxmega7/crtx128a1.o
__vector_27                                       /usr/lib/gcc/avr/4.8.2/../../../avr/lib/avrxmega7/crtx128a1.o
__vector_28                                       /usr/lib/gcc/avr/4.8.2/../../../avr/lib/avrxmega7/crtx128a1.o
__vector_29                                       /usr/lib/gcc/avr/4.8.2/../../../avr/lib/avrxmega7/crtx128a1.o
__vector_3                                        /usr/lib/gcc/avr/4.8.2/../../../avr/lib/avrxmega7/crtx128a1.o
__vector_30                                       /usr/lib/gcc/avr/4.8.2/../../../avr/lib/avrxmega7/crtx128a1.o
__vector_31                                       /usr/lib/gcc/avr/4.8.2/../../../avr/lib/avrxmega7/crtx128a1.o
__vector_32                                       /usr/lib/gcc/avr/4.8.2/../../../avr/lib/avrxmega7/crtx128a1.o
__vector_33                                       /usr/lib/gcc/avr/4.8.2/../../../avr/lib/avrxmega7/crtx128a1.o
__vector_34                                       /usr/lib/gcc/avr/4.8.2/../../../avr/lib/avrxmega7/crtx128a1.o
__vector_35                                       /usr/lib/gcc/avr/4.8.2/../../../avr/lib/avrxmega7/crtx128a1.o
__vector_36                                       /usr/lib/gcc/avr/4.8.2/../../../avr/lib/avrxmega7/crtx128a1.o
__vector_37                                       /usr/lib/gcc/avr/4.8.2/../../../avr/lib/avrxmega7/crtx128a1.o
__vector_38                                       /usr/lib/gcc/avr/4.8.2/../../../avr/lib/avrxmega7/crtx128a1.o
__vector_39                                       /usr/lib/gcc/avr/4.8.2/../../../avr/lib/avrxmega7/crtx128a1.o
__vector_4                                        /usr/lib/gcc/avr/4.8.2/../../../avr/lib/avrxmega7/crtx128a1.o
__vector_40                                       /usr/lib/gcc/avr/4.8.2/../../../avr/lib/avrxmega7/crtx128a1.o
__vector_41                                       /usr/lib/gcc/avr/4.8.2/../../../avr/lib/avrxmega7/crtx128a1.o
__vector_42                                       /usr/lib/gcc/avr/4.8.2/../../../avr/lib/avrxmega7/crtx128a1.o
__vector_43                                       /usr/lib/gcc/avr/4.8.2/../../../avr/lib/avrxmega7/crtx128a1.o
__vector_44                                       /usr/lib/gcc/avr/4.8.2/../../../avr/lib/avrxmega7/crtx128a1.o
__vector_45                                       /usr/lib/gcc/avr/4.8.2/../../../avr/lib/avrxmega7/crtx128a1.o
__vector_46                                       /usr/lib/gcc/avr/4.8.2/../../../avr/lib/avrxmega7/crtx128a1.o
__vector_47                                       /usr/lib/gcc/avr/4.8.2/../../../avr/lib/avrxmega7/crtx128a1.o
__vector_48                                       /usr/lib/gcc/avr/4.8.2/../../../avr/lib/avrxmega7/crtx128a1.o
__vector_49                                       /usr/lib/gcc/avr/4.8.2/../../../avr/lib/avrxmega7/crtx128a1.o
__vector_5                                        /usr/lib/gcc/avr/4.8.2/../../../avr/lib/avrxmega7/crtx128a1.o
__vector_50                                       /usr/lib/gcc/avr/4.8.2/../../../avr/lib/avrxmega7/crtx128a1.o
__vector_51                                       /usr/lib/gcc/avr/4.8.2/../../../avr/lib/avrxmega7/crtx128a1.o
__vector_52                                       /usr/lib/gcc/avr/4.8.2/../../../avr/lib/avrxmega7/crtx128a1.o
__vector_53                                       /usr/lib/gcc/avr/4.8.2/../../../avr/lib/avrxmega7/crtx128a1.o
__vector_54                                       /usr/lib/gcc/avr/4.8.2/../../../avr/lib/avrxmega7/crtx128a1.o
__vector_55                                       /usr/lib/gcc/avr/4.8.2/../../../avr/lib/avrxmega7/crtx128a1.o
__vector_56                                       /usr/lib/gcc/avr/4.8.2/../../../avr/lib/avrxmega7/crtx128a1.o
__vector_57                                       /usr/lib/gcc/avr/4.8.2/../../../avr/lib/avrxmega7/crtx128a1.o
__vector_58                                       /usr/lib/gcc/avr/4.8.2/../../../avr/lib/avrxmega7/crtx128a1.o
__vector_59                                       /usr/lib/gcc/avr/4.8.2/../../../avr/lib/avrxmega7/crtx128a1.o
__vector_6                                        /usr/lib/gcc/avr/4.8.2/../../../avr/lib/avrxmega7/crtx128a1.o
__vector_60                                       /usr/lib/gcc/avr/4.8.2/../../../avr/lib/avrxmega7/crtx128a1.o
__vector_61                                       /usr/lib/gcc/avr/4.8.2/../../../avr/lib/avrxmega7/crtx128a1.o
__vector_62                                       /usr/lib/gcc/avr/4.8.2/../../../avr/lib/avrxmega7/crtx128a1.o
__vector_63                                       /usr/lib/gcc/avr/4.8.2/../../../avr/lib/avrxmega7/crtx128a1.o
__vector_64                                       /usr/lib/gcc/avr/4.8.2/../../../avr/lib/avrxmega7/crtx128a1.o
__vector_65                                       /usr/lib/gcc/avr/4.8.2/../../../avr/lib/avrxmega7/crtx128a1.o
__vector_66                                       /usr/lib/gcc/avr/4.8.2/../../../avr/lib/avrxmega7/crtx128a1.o
__vector_67                                       /usr/lib/gcc/avr/4.8.2/../../../avr/lib/avrxmega7/crtx128a1.o
__vector_68                                       /usr/lib/gcc/avr/4.8.2/../../../avr/lib/avrxmega7/crtx128a1.o
__vector_69                                       /usr/lib/gcc/avr/4.8.2/../../../avr/lib/avrxmega7/crtx128a1.o
__vector_7                                        /usr/lib/gcc/avr/4.8.2/../../../avr/lib/avrxmega7/crtx128a1.o
__vector_70                                       /usr/lib/gcc/avr/4.8.2/../../../avr/lib/avrxmega7/crtx128a1.o
__vector_71                                       /usr/lib/gcc/avr/4.8.2/../../../avr/lib/avrxmega7/crtx128a1.o
__vector_72                                       /usr/lib/gcc/avr/4.8.2/../../../avr/lib/avrxmega7/crtx128a1.o
__vector_73                                       /usr/lib/gcc/avr/4.8.2/../../../avr/lib/avrxmega7/crtx128a1.o
__vector_74                                       /usr/lib/gcc/avr/4.8.2/../../../avr/lib/avrxmega7/crtx128a1.o
__vector_75                                       /usr/lib/gcc/avr/4.8.2/../../../avr/lib/avrxmega7/crtx128a1.o
__vector_76                                       /usr/lib/gcc/avr/4.8.2/../../../avr/lib/avrxmega7/crtx128a1.o
__vector_77                                       /usr/lib/gcc/avr/4.8.2/../../../avr/lib/avrxmega7/crtx128a1.o
__vector_78                                       /usr/lib/gcc/avr/4.8.2/../../../avr/lib/avrxmega7/crtx128a1.o
__vector_79                                       /usr/lib/gcc/avr/4.8.2/../../../avr/lib/avrxmega7/crtx128a1.o
__vector_8                                        /usr/lib/gcc/avr/4.8.2/../../../avr/lib/avrxmega7/crtx128a1.o
__vector_80                                       /usr/lib/gcc/avr/4.8.2/../../../avr/lib/avrxmega7/crtx128a1.o
__vector_81                                       /usr/lib/gcc/avr/4.8.2/../../../avr/lib/avrxmega7/crtx128a1.o
__vector_82                                       /usr/lib/gcc/avr/4.8.2/../../../avr/lib/avrxmega7/crtx128a1.o
__vector_83                                       /usr/lib/gcc/avr/4.8.2/../../../avr/lib/avrxmega7/crtx128a1.o
__vector_84                                       /usr/lib/gcc/avr/4.8.2/../../../avr/lib/avrxmega7/crtx128a1.o
__vector_85                                       /usr/lib/gcc/avr/4.8.2/../../../avr/lib/avrxmega7/crtx128a1.o
__vector_86                                       /usr/lib/gcc/avr/4.8.2/../../../avr/lib/avrxmega7/crtx128a1.o
__vector_87                                       /usr/lib/gcc/avr/4.8.2/../../../avr/lib/avrxmega7/crtx128a1.o
__vector_88                                       /usr/lib/gcc/avr/4.8.2/../../../avr/lib/avrxmega7/crtx128a1.o
__vector_89                                       /usr/lib/gcc/avr/4.8.2/../../../avr/lib/avrxmega7/crtx128a1.o
__vector_9                                        /usr/lib/gcc/avr/4.8.2/../../../avr/lib/avrxmega7/crtx128a1.o
__vector_90                                       /usr/lib/gcc/avr/4.8.2/../../../avr/lib/avrxmega7/crtx128a1.o
__vector_91                                       /usr/lib/gcc/avr/4.8.2/../../../avr/lib/avrxmega7/crtx128a1.o
__vector_92                                       /usr/lib/gcc/avr/4.8.2/../../../avr/lib/avrxmega7/crtx128a1.o
__vector_93                                       /usr/lib/gcc/avr/4.8.2/../../../avr/lib/avrxmega7/crtx128a1.o
__vector_94                                       /usr/lib/gcc/avr/4.8.2/../../../avr/lib/avrxmega7/crtx128a1.o
__vector_95                                       /usr/lib/gcc/avr/4.8.2/../../../avr/lib/avrxmega7/crtx128a1.o
__vector_96                                       /usr/lib/gcc/avr/4.8.2/../../../avr/lib/avrxmega7/crtx128a1.o
__vector_97                                       /usr/lib/gcc/avr/4.8.2/../../../avr/lib/avrxmega7/crtx128a1.o
__vector_98                                       /usr/lib/gcc/avr/4.8.2/../../../avr/lib/avrxmega7/crtx128a1.o
__vector_99                                       /usr/lib/gcc/avr/4.8.2/../../../avr/lib/avrxmega7/crtx128a1.o
__vector_default                                  /usr/lib/gcc/avr/4.8.2/../../../avr/lib/avrxmega7/crtx128a1.o
__vectors                                         /usr/lib/gcc/avr/4.8.2/../../../avr/lib/avrxmega7/crtx128a1.o
_div                                              /usr/lib/gcc/avr/4.8.2/avrxmega7/libgcc.a(_divmodhi4.o)
_exit                                             /usr/lib/gcc/avr/4.8.2/avrxmega7/libgcc.a(_exit.o)
exit                                              /usr/lib/gcc/avr/4.8.2/avrxmega7/libgcc.a(_exit.o)
                                                  /usr/lib/gcc/avr/4.8.2/../../../avr/lib/avrxmega7/crtx128a1.o
main                                              obj/Debug/main.o
                                                  /usr/lib/gcc/avr/4.8.2/../../../avr/lib/avrxmega7/crtx128a1.o
textButton_39x16_bmp                              obj/Debug/lcd_driver.o
